[0] {:ACCNT=>[{:name=>"Checking", :refnum=>"11", :timestamp=>"1154540144", :accnttype=>"BANK", :obamount=>"\"9,600.25\"", :desc=>"", :accnum=>"", :scd=>"0", :banknum=>"", :extra=>"", :hidden=>"N", :delcount=>"0", :useid=>"N", :wkpaperref=>nil}, {:name=>"Expense Account", :refnum=>"20", :timestamp=>"1154540271", :accnttype=>"EXP", :obamount=>"-869.5", :desc=>"", :accnum=>"", :scd=>"0", :banknum=>"", :extra=>"", :hidden=>"N", :delcount=>"0", :useid=>"N", :wkpaperref=>nil}, {:name=>"Owner's Equity", :refnum=>"18", :timestamp=>"1154540254", :accnttype=>"EQUITY", :obamount=>"0", :desc=>"", :accnum=>"", :scd=>"0", :banknum=>"", :extra=>"", :hidden=>"N", :delcount=>"0", :useid=>"N", :wkpaperref=>nil}, {:name=>"Owner's Equity:Owner's Contribution", :refnum=>"19", :timestamp=>"1154540254", :accnttype=>"EQUITY", :obamount=>"\"-10,000.00\"", :desc=>"", :accnum=>"", :scd=>"0", :banknum=>"", :extra=>"", :hidden=>"N", :delcount=>"0", :useid=>"N", :wkpaperref=>nil}, {:name=>"Repairs", :refnum=>"14", :timestamp=>"1154540240", :accnttype=>"EXP", :obamount=>"0", :desc=>"", :accnum=>"", :scd=>"0", :banknum=>"", :extra=>"", :hidden=>"N", :delcount=>"0", :useid=>"N", :wkpaperref=>nil}, {:name=>"Repairs:Computer Repairs", :refnum=>"15", :timestamp=>"1154540240", :accnttype=>"EXP", :obamount=>"-35", :desc=>"", :accnum=>"", :scd=>"0", :banknum=>"", :extra=>"", :hidden=>"N", :delcount=>"0", :useid=>"N", :wkpaperref=>nil}, {:name=>"Savings", :refnum=>"22", :timestamp=>"1154540321", :accnttype=>"BANK", :obamount=>"\"1,000.00\"", :desc=>"", :accnum=>"", :scd=>"0", :banknum=>"", :extra=>"", :hidden=>"N", :delcount=>"0", :useid=>"N", :wkpaperref=>nil}, {:name=>"Utilities", :refnum=>"16", :timestamp=>"1154540246", :accnttype=>"EXP", :obamount=>"0", :desc=>"", :accnum=>"", :scd=>"0", :banknum=>"", :extra=>"", :hidden=>"N", :delcount=>"0", :useid=>"N", :wkpaperref=>nil}, {:name=>"Utilities:Water", :refnum=>"17", :timestamp=>"1154540246", :accnttype=>"EXP", :obamount=>"59.25", :desc=>"", :accnum=>"", :scd=>"0", :banknum=>"", :extra=>"", :hidden=>"N", :delcount=>"0", :useid=>"N", :wkpaperref=>nil}, {:name=>"Credit Card", :refnum=>"12", :timestamp=>"1154540196", :accnttype=>"CCARD", :obamount=>"-542", :desc=>"", :accnum=>"", :scd=>"0", :banknum=>"", :extra=>"", :hidden=>"N", :delcount=>"0", :useid=>"N", :wkpaperref=>nil}, {:name=>"Payroll Liabilities", :refnum=>"2", :timestamp=>"1154539961", :accnttype=>"OCLIAB", :obamount=>"0", :desc=>"", :accnum=>"2100", :scd=>"0", :banknum=>"", :extra=>"", :hidden=>"N", :delcount=>"0", :useid=>"N", :wkpaperref=>nil}, {:name=>"Income Account", :refnum=>"7", :timestamp=>"1154540002", :accnttype=>"INC", :obamount=>"-80", :desc=>"", :accnum=>"", :scd=>"0", :banknum=>"", :extra=>"", :hidden=>"N", :delcount=>"0", :useid=>"N", :wkpaperref=>nil}, {:name=>"Estimates", :refnum=>"9", :timestamp=>"1154540028", :accnttype=>"NONPOSTING", :obamount=>"0", :desc=>"", :accnum=>"4", :scd=>"0", :banknum=>"", :extra=>"ESTIMATE", :hidden=>"N", :delcount=>"0", :useid=>"N", :wkpaperref=>nil}, {:name=>"Purchase Orders", :refnum=>"21", :timestamp=>"1154540287", :accnttype=>"NONPOSTING", :obamount=>"0", :desc=>"", :accnum=>"2", :scd=>"0", :banknum=>"", :extra=>"PURCHORDER", :hidden=>"N", :delcount=>"0", :useid=>"N", :wkpaperref=>nil}]}
[1] {:CUSTITEMDICT=>[{:index=>"0", :label=>"", :inuse=>"N"}, {:index=>"1", :label=>"", :inuse=>"N"}, {:index=>"2", :label=>"", :inuse=>"N"}, {:index=>"3", :label=>"", :inuse=>"N"}, {:index=>"4", :label=>"", :inuse=>"N"}]}
[2] {:INVITEM=>[{:name=>"Item", :refnum=>"2", :timestamp=>"1154540028", :invitemtype=>"SERV", :desc=>"", :purchasedesc=>"", :accnt=>"", :assetaccnt=>"", :cogsaccnt=>"", :qnty=>"0", :price=>"0", :cost=>"0", :taxable=>"N", :salestaxcode=>"Non", :paymeth=>"", :taxvend=>"", :prefvend=>"", :reorderpoint=>"0", :extra=>"", :custfld1=>"", :custfld2=>"", :custfld3=>"", :custfld4=>"", :custfld5=>"", :dep_type=>"0", :ispassedthru=>"N", :hidden=>"N", :delcount=>"0", :useid=>"N", :isnew=>"N", :po_num=>"", :serialnum=>"", :warranty=>"", :location=>"", :vendor=>"", :assetdesc=>"", :saledate=>"", :saleexpense=>"0", :notes=>"", :assetnum=>"", :costbasis=>"0", :accumdepr=>"0", :unrecbasis=>"0", :purchasedate=>nil}, {:name=>"PO Item", :refnum=>"4", :timestamp=>"1154540287", :invitemtype=>"SERV", :desc=>"", :purchasedesc=>"", :accnt=>"", :assetaccnt=>"", :cogsaccnt=>"", :qnty=>"0", :price=>"0", :cost=>"0", :taxable=>"N", :salestaxcode=>"", :paymeth=>"", :taxvend=>"", :prefvend=>"", :reorderpoint=>"0", :extra=>"", :custfld1=>"", :custfld2=>"", :custfld3=>"", :custfld4=>"", :custfld5=>"", :dep_type=>"0", :ispassedthru=>"N", :hidden=>"N", :delcount=>"0", :useid=>"N", :isnew=>"N", :po_num=>"", :serialnum=>"", :warranty=>"", :location=>"", :vendor=>"", :assetdesc=>"", :saledate=>"", :saleexpense=>"0", :notes=>"", :assetnum=>"", :costbasis=>"0", :accumdepr=>"0", :unrecbasis=>"0", :purchasedate=>nil}, {:name=>"Sales Item", :refnum=>"1", :timestamp=>"1154540002", :invitemtype=>"SERV", :desc=>"", :purchasedesc=>"", :accnt=>"Income Account", :assetaccnt=>"", :cogsaccnt=>"", :qnty=>"0", :price=>"5", :cost=>"0", :taxable=>"Y", :salestaxcode=>"Tax", :paymeth=>"", :taxvend=>"", :prefvend=>"", :reorderpoint=>"", :extra=>"", :custfld1=>"", :custfld2=>"", :custfld3=>"", :custfld4=>"", :custfld5=>"", :dep_type=>"0", :ispassedthru=>"N", :hidden=>"N", :delcount=>"0", :useid=>"N", :isnew=>"Y", :po_num=>"", :serialnum=>"", :warranty=>"", :location=>"", :vendor=>"", :assetdesc=>"", :saledate=>"", :saleexpense=>"0", :notes=>"", :assetnum=>"", :costbasis=>"0", :accumdepr=>"0", :unrecbasis=>"0", :purchasedate=>nil}, {:name=>"Sales Tax", :refnum=>"3", :timestamp=>"1154540127", :invitemtype=>"COMPTAX", :desc=>"", :purchasedesc=>"", :accnt=>"Sales Tax Payable", :assetaccnt=>"", :cogsaccnt=>"", :qnty=>"0", :price=>"5.00%", :cost=>"0", :taxable=>"N", :salestaxcode=>"", :paymeth=>"", :taxvend=>"TaxAgencyVendor", :prefvend=>"", :reorderpoint=>"", :extra=>"", :custfld1=>"", :custfld2=>"", :custfld3=>"", :custfld4=>"", :custfld5=>"", :dep_type=>"0", :ispassedthru=>"N", :hidden=>"N", :delcount=>"0", :useid=>"N", :isnew=>"Y", :po_num=>"", :serialnum=>"", :warranty=>"", :location=>"", :vendor=>"", :assetdesc=>"", :saledate=>"", :saleexpense=>"0", :notes=>"", :assetnum=>"", :costbasis=>"0", :accumdepr=>"0", :unrecbasis=>"0", :purchasedate=>nil}]}
[3] {:CLASS=>[{:name=>"Class Name", :refnum=>"2", :timestamp=>"1154540261", :hidden=>"N", :delcount=>"0"}, {:name=>"Owner", :refnum=>"1", :timestamp=>"1154540254", :hidden=>"N", :delcount=>"0"}]}
[4] {:CUSTNAMEDICT=>[{:index=>"0", :label=>"", :customer=>"N", :vendor=>"N", :employee=>"N"}, {:index=>"1", :label=>"", :customer=>"N", :vendor=>"N", :employee=>"N"}, {:index=>"2", :label=>"", :customer=>"N", :vendor=>"N", :employee=>"N"}, {:index=>"3", :label=>"", :customer=>"N", :vendor=>"N", :employee=>"N"}, {:index=>"4", :label=>"", :customer=>"N", :vendor=>"N", :employee=>"N"}, {:index=>"5", :label=>"", :customer=>"N", :vendor=>"N", :employee=>"N"}, {:index=>"6", :label=>"", :customer=>"N", :vendor=>"N", :employee=>"N"}, {:index=>"7", :label=>"", :customer=>"N", :vendor=>"N", :employee=>"N"}, {:index=>"8", :label=>"", :customer=>"N", :vendor=>"N", :employee=>"N"}, {:index=>"9", :label=>"", :customer=>"N", :vendor=>"N", :employee=>"N"}, {:index=>"10", :label=>"", :customer=>"N", :vendor=>"N", :employee=>"N"}, {:index=>"11", :label=>"", :customer=>"N", :vendor=>"N", :employee=>"N"}, {:index=>"12", :label=>"", :customer=>"N", :vendor=>"N", :employee=>"N"}, {:index=>"13", :label=>"", :customer=>"N", :vendor=>"N", :employee=>"N"}, {:index=>"14", :label=>"", :customer=>"N", :vendor=>"N", :employee=>"N"}]}
[5] {:CUST=>[{:name=>"Customer", :refnum=>"1", :timestamp=>"1154540002", :baddr1=>"Customer", :baddr2=>"", :baddr3=>"", :baddr4=>"", :baddr5=>"", :saddr1=>"", :saddr2=>"", :saddr3=>"", :saddr4=>"", :saddr5=>"", :phone1=>"", :phone2=>"", :faxnum=>"", :email=>"", :note=>"", :cont1=>"", :cont2=>"", :ctype=>"", :terms=>"", :taxable=>"Y", :salestaxcode=>"Tax", :limit=>"", :resalenum=>"", :rep=>"", :taxitem=>"", :notepad=>"", :salutation=>"", :companyname=>"", :firstname=>"", :midinit=>"", :lastname=>"", :custfld1=>"", :custfld2=>"", :custfld3=>"", :custfld4=>"", :custfld5=>"", :custfld6=>"", :custfld7=>"", :custfld8=>"", :custfld9=>"", :custfld10=>"", :custfld11=>"", :custfld12=>"", :custfld13=>"", :custfld14=>"", :custfld15=>"", :jobdesc=>"", :jobtype=>"", :jobstatus=>"0", :jobstart=>"", :jobprojend=>"", :jobend=>"", :hidden=>"N", :delcount=>"0", :pricelevel=>nil}]}
[6] {:VTYPE=>[{:name=>"Consultant", :refnum=>"1", :timestamp=>"1154539968", :hidden=>"N"}, {:name=>"Supplies", :refnum=>"3", :timestamp=>"1154539968", :hidden=>"N"}, {:name=>"Tax agency", :refnum=>"2", :timestamp=>"1154539968", :hidden=>"N"}]}
[7] {:VEND=>[{:name=>"Bayshore Water", :refnum=>"6", :timestamp=>"1154540246", :printas=>"", :addr1=>"", :addr2=>"", :addr3=>"", :addr4=>"", :addr5=>"", :vtype=>"", :cont1=>"", :cont2=>"", :phone1=>"", :phone2=>"", :faxnum=>"", :email=>"", :note=>"", :taxid=>"", :limit=>"", :terms=>"", :notepad=>"", :salutation=>"", :companyname=>"", :firstname=>"", :midinit=>"", :lastname=>"", :custfld1=>"", :custfld2=>"", :custfld3=>"", :custfld4=>"", :custfld5=>"", :custfld6=>"", :custfld7=>"", :custfld8=>"", :custfld9=>"", :custfld10=>"", :custfld11=>"", :custfld12=>"", :custfld13=>"", :custfld14=>"", :custfld15=>"", :"1099"=>"N", :hidden=>"N", :delcount=>"0"}, {:name=>"Kershaw Computer Services", :refnum=>"5", :timestamp=>"1154540240", :printas=>"", :addr1=>"", :addr2=>"", :addr3=>"", :addr4=>"", :addr5=>"", :vtype=>"", :cont1=>"", :cont2=>"", :phone1=>"", :phone2=>"", :faxnum=>"", :email=>"", :note=>"", :taxid=>"", :limit=>"", :terms=>"", :notepad=>"", :salutation=>"", :companyname=>"", :firstname=>"", :midinit=>"", :lastname=>"", :custfld1=>"", :custfld2=>"", :custfld3=>"", :custfld4=>"", :custfld5=>"", :custfld6=>"", :custfld7=>"", :custfld8=>"", :custfld9=>"", :custfld10=>"", :custfld11=>"", :custfld12=>"", :custfld13=>"", :custfld14=>"", :custfld15=>"", :"1099"=>"N", :hidden=>"N", :delcount=>"0"}, {:name=>"TaxAgencyVendor", :refnum=>"3", :timestamp=>"1154540127", :printas=>"", :addr1=>"TaxAgencyVendor", :addr2=>"", :addr3=>"", :addr4=>"", :addr5=>"", :vtype=>"", :cont1=>"", :cont2=>"", :phone1=>"", :phone2=>"", :faxnum=>"", :email=>"", :note=>"", :taxid=>"", :limit=>"", :terms=>"", :notepad=>"", :salutation=>"", :companyname=>"", :firstname=>"", :midinit=>"", :lastname=>"", :custfld1=>"", :custfld2=>"", :custfld3=>"", :custfld4=>"", :custfld5=>"", :custfld6=>"", :custfld7=>"", :custfld8=>"", :custfld9=>"", :custfld10=>"", :custfld11=>"", :custfld12=>"", :custfld13=>"", :custfld14=>"", :custfld15=>"", :"1099"=>"N", :hidden=>"N", :delcount=>"0"}, {:name=>"Vendor", :refnum=>"4", :timestamp=>"1154540196", :printas=>"", :addr1=>"", :addr2=>"", :addr3=>"", :addr4=>"", :addr5=>"", :vtype=>"", :cont1=>"", :cont2=>"", :phone1=>"", :phone2=>"", :faxnum=>"", :email=>"", :note=>"", :taxid=>"", :limit=>"", :terms=>"", :notepad=>"", :salutation=>"", :companyname=>"", :firstname=>"", :midinit=>"", :lastname=>"", :custfld1=>"", :custfld2=>"", :custfld3=>"", :custfld4=>"", :custfld5=>"", :custfld6=>"", :custfld7=>"", :custfld8=>"", :custfld9=>"", :custfld10=>"", :custfld11=>"", :custfld12=>"", :custfld13=>"", :custfld14=>"", :custfld15=>"", :"1099"=>"N", :hidden=>"N", :delcount=>"0"}]}
[8] {:SALESTAXCODE=>[{:code=>"Tax", :refnum=>"1", :timestamp=>"1154539964", :hidden=>"N", :desc=>"Taxable Sales", :taxable=>"Y"}, {:code=>"Non", :refnum=>"2", :timestamp=>"1154539964", :hidden=>"N", :desc=>"Non-Taxable Sales", :taxable=>"N"}]}
